// Jest Snapshot v1, https://goo.gl/fbAQLP

exports[`Prueba de PrimeraAPP Debe Renderizar correctamente <PrimeraApp></PrimeraApp> 1`] = `
<Fragment>
  <h1>
     
    Hola Mundo
     
  </h1>
  <h1>
     
    Hola Soy Goku
     
  </h1>
  <p>
    Soy un sub
  </p>
</Fragment>
`;

exports[`Prueba de PrimeraAPP Debe mostrar el subtitulo enviado por props 1`] = `
<Fragment>
  <h1>
     
    Hola Mundo
     
  </h1>
  <h1>
     
    Hola Soy Goku
     
  </h1>
  <p>
    Soy un sub
  </p>
</Fragment>
`;
